Archive member included to satisfy reference by file (symbol)

c:/program files/microchip/xc8/v2.32/avr/bin/../lib/gcc/avr/5.4.0/../../../../avr/lib/avr5/memx-const\libm.a(addsf3.o)
                              build/default/production/parser.o (__subsf3)
c:/program files/microchip/xc8/v2.32/avr/bin/../lib/gcc/avr/5.4.0/../../../../avr/lib/avr5/memx-const\libm.a(addsf3x.o)
                              c:/program files/microchip/xc8/v2.32/avr/bin/../lib/gcc/avr/5.4.0/../../../../avr/lib/avr5/memx-const\libm.a(addsf3.o) (__addsf3x)
c:/program files/microchip/xc8/v2.32/avr/bin/../lib/gcc/avr/5.4.0/../../../../avr/lib/avr5/memx-const\libm.a(atan.o)
                              build/default/production/parser.o (atan)
c:/program files/microchip/xc8/v2.32/avr/bin/../lib/gcc/avr/5.4.0/../../../../avr/lib/avr5/memx-const\libm.a(cos.o)
                              build/default/production/parser.o (cos)
c:/program files/microchip/xc8/v2.32/avr/bin/../lib/gcc/avr/5.4.0/../../../../avr/lib/avr5/memx-const\libm.a(divsf3.o)
                              build/default/production/parser.o (__divsf3)
c:/program files/microchip/xc8/v2.32/avr/bin/../lib/gcc/avr/5.4.0/../../../../avr/lib/avr5/memx-const\libm.a(divsf3x.o)
                              c:/program files/microchip/xc8/v2.32/avr/bin/../lib/gcc/avr/5.4.0/../../../../avr/lib/avr5/memx-const\libm.a(divsf3.o) (__divsf3x)
c:/program files/microchip/xc8/v2.32/avr/bin/../lib/gcc/avr/5.4.0/../../../../avr/lib/avr5/memx-const\libm.a(fixsfsi.o)
                              build/default/production/parser.o (__fixsfsi)
c:/program files/microchip/xc8/v2.32/avr/bin/../lib/gcc/avr/5.4.0/../../../../avr/lib/avr5/memx-const\libm.a(fixunssfsi.o)
                              c:/program files/microchip/xc8/v2.32/avr/bin/../lib/gcc/avr/5.4.0/../../../../avr/lib/avr5/memx-const\libm.a(fixsfsi.o) (__fixunssfsi)
c:/program files/microchip/xc8/v2.32/avr/bin/../lib/gcc/avr/5.4.0/../../../../avr/lib/avr5/memx-const\libm.a(floatsisf.o)
                              build/default/production/parser.o (__floatsisf)
c:/program files/microchip/xc8/v2.32/avr/bin/../lib/gcc/avr/5.4.0/../../../../avr/lib/avr5/memx-const\libm.a(fp_inf.o)
                              c:/program files/microchip/xc8/v2.32/avr/bin/../lib/gcc/avr/5.4.0/../../../../avr/lib/avr5/memx-const\libm.a(addsf3x.o) (__fp_inf)
c:/program files/microchip/xc8/v2.32/avr/bin/../lib/gcc/avr/5.4.0/../../../../avr/lib/avr5/memx-const\libm.a(fp_nan.o)
                              c:/program files/microchip/xc8/v2.32/avr/bin/../lib/gcc/avr/5.4.0/../../../../avr/lib/avr5/memx-const\libm.a(addsf3x.o) (__fp_nan)
c:/program files/microchip/xc8/v2.32/avr/bin/../lib/gcc/avr/5.4.0/../../../../avr/lib/avr5/memx-const\libm.a(fp_powser.o)
                              c:/program files/microchip/xc8/v2.32/avr/bin/../lib/gcc/avr/5.4.0/../../../../avr/lib/avr5/memx-const\libm.a(atan.o) (__fp_powser)
c:/program files/microchip/xc8/v2.32/avr/bin/../lib/gcc/avr/5.4.0/../../../../avr/lib/avr5/memx-const\libm.a(fp_pscA.o)
                              c:/program files/microchip/xc8/v2.32/avr/bin/../lib/gcc/avr/5.4.0/../../../../avr/lib/avr5/memx-const\libm.a(addsf3x.o) (__fp_pscA)
c:/program files/microchip/xc8/v2.32/avr/bin/../lib/gcc/avr/5.4.0/../../../../avr/lib/avr5/memx-const\libm.a(fp_pscB.o)
                              c:/program files/microchip/xc8/v2.32/avr/bin/../lib/gcc/avr/5.4.0/../../../../avr/lib/avr5/memx-const\libm.a(addsf3x.o) (__fp_pscB)
c:/program files/microchip/xc8/v2.32/avr/bin/../lib/gcc/avr/5.4.0/../../../../avr/lib/avr5/memx-const\libm.a(fp_rempio2.o)
                              c:/program files/microchip/xc8/v2.32/avr/bin/../lib/gcc/avr/5.4.0/../../../../avr/lib/avr5/memx-const\libm.a(cos.o) (__fp_rempio2)
c:/program files/microchip/xc8/v2.32/avr/bin/../lib/gcc/avr/5.4.0/../../../../avr/lib/avr5/memx-const\libm.a(fp_round.o)
                              c:/program files/microchip/xc8/v2.32/avr/bin/../lib/gcc/avr/5.4.0/../../../../avr/lib/avr5/memx-const\libm.a(addsf3.o) (__fp_round)
c:/program files/microchip/xc8/v2.32/avr/bin/../lib/gcc/avr/5.4.0/../../../../avr/lib/avr5/memx-const\libm.a(fp_sinus.o)
                              c:/program files/microchip/xc8/v2.32/avr/bin/../lib/gcc/avr/5.4.0/../../../../avr/lib/avr5/memx-const\libm.a(cos.o) (__fp_sinus)
c:/program files/microchip/xc8/v2.32/avr/bin/../lib/gcc/avr/5.4.0/../../../../avr/lib/avr5/memx-const\libm.a(fp_split3.o)
                              c:/program files/microchip/xc8/v2.32/avr/bin/../lib/gcc/avr/5.4.0/../../../../avr/lib/avr5/memx-const\libm.a(addsf3x.o) (__fp_split3)
c:/program files/microchip/xc8/v2.32/avr/bin/../lib/gcc/avr/5.4.0/../../../../avr/lib/avr5/memx-const\libm.a(fp_zero.o)
                              c:/program files/microchip/xc8/v2.32/avr/bin/../lib/gcc/avr/5.4.0/../../../../avr/lib/avr5/memx-const\libm.a(addsf3x.o) (__fp_zero)
[...]
Memory Configuration

Name             Origin             Length             Attributes
text             0x0000000000000000 0x0000000000008000 xr
data             0x0000000000800100 0x0000000000000800 rw !x
eeprom           0x0000000000810000 0x0000000000000400 rw !x
fuse             0x0000000000820000 0x0000000000000003 rw !x
lock             0x0000000000830000 0x0000000000000400 rw !x
signature        0x0000000000840000 0x0000000000000400 rw !x
user_signatures  0x0000000000850000 0x0000000000000400 rw !x
*default*        0x0000000000000000 0xffffffffffffffff

Linker script and memory map

Address of section .data set to 0x800100
LOAD C:/Program Files/Microchip/MPLABX/v5.50/packs/Microchip/ATmega_DFP/2.3.126/xc8/avr/lib/avr5/memx-const/crtatmega328p.o
                0x0000000000000001                __MPLAB_BUILD = 0x1
LOAD build/default/production/init.o
LOAD build/default/production/main.o
LOAD build/default/production/parser.o
LOAD build/default/production/queue.o
LOAD build/default/production/sci.o
LOAD build/default/production/timer1.o
LOAD build/default/production/Motor.o
START GROUP
LOAD c:/program files/microchip/xc8/v2.32/avr/bin/../lib/gcc/avr/5.4.0/../../../../avr/lib/avr5/memx-const\libm.a
END GROUP
START GROUP
LOAD c:/program files/microchip/xc8/v2.32/avr/bin/../lib/gcc/avr/5.4.0/avr5/memx-const\libgcc.a
LOAD c:/program files/microchip/xc8/v2.32/avr/bin/../lib/gcc/avr/5.4.0/../../../../avr/lib/avr5/memx-const\libm.a
LOAD c:/program files/microchip/xc8/v2.32/avr/bin/../lib/gcc/avr/5.4.0/../../../../avr/lib/avr5/memx-const\libc.a
LOAD C:/Program Files/Microchip/MPLABX/v5.50/packs/Microchip/ATmega_DFP/2.3.126/xc8/avr/lib/avr5/memx-const\libatmega328p.a
END GROUP
                0x0000000000000000                __TEXT_REGION_ORIGIN__ = DEFINED (__TEXT_REGION_ORIGIN__)?__TEXT_REGION_ORIGIN__:0x0
                [0x0000000000800100]                __DATA_REGION_ORIGIN__ = DEFINED (__DATA_REGION_ORIGIN__)?__DATA_REGION_ORIGIN__:0x800060
                [0x0000000000008000]                __TEXT_REGION_LENGTH__ = DEFINED (__TEXT_REGION_LENGTH__)?__TEXT_REGION_LENGTH__:0x20000
                [0x0000000000000800]                __DATA_REGION_LENGTH__ = DEFINED (__DATA_REGION_LENGTH__)?__DATA_REGION_LENGTH__:0xffa0
                [0x0000000000000400]                __EEPROM_REGION_LENGTH__ = DEFINED (__EEPROM_REGION_LENGTH__)?__EEPROM_REGION_LENGTH__:0x10000
                [0x0000000000000003]                __FUSE_REGION_LENGTH__ = DEFINED (__FUSE_REGION_LENGTH__)?__FUSE_REGION_LENGTH__:0x400
                0x0000000000000400                __LOCK_REGION_LENGTH__ = DEFINED (__LOCK_REGION_LENGTH__)?__LOCK_REGION_LENGTH__:0x400
                0x0000000000000400                __SIGNATURE_REGION_LENGTH__ = DEFINED (__SIGNATURE_REGION_LENGTH__)?__SIGNATURE_REGION_LENGTH__:0x400
                0x0000000000000400                __USER_SIGNATURE_REGION_LENGTH__ = DEFINED (__USER_SIGNATURE_REGION_LENGTH__)?__USER_SIGNATURE_REGION_LENGTH__:0x400

.hash
 *(.hash)

.dynsym
 *(.dynsym)

.dynstr
 *(.dynstr)

.gnu.version
 *(.gnu.version)

.gnu.version_d
 *(.gnu.version_d)

.gnu.version_r
 *(.gnu.version_r)

.rel.init
 *(.rel.init)

.rela.init
 *(.rela.init)

.rel.text
 *(.rel.text)
 *(.rel.text.*)
 *(.rel.gnu.linkonce.t*)

.rela.text
 *(.rela.text)
 *(.rela.text.*)
 *(.rela.gnu.linkonce.t*)

.rel.fini
 *(.rel.fini)

.rela.fini
 *(.rela.fini)

.rel.rodata
 *(.rel.rodata)
 *(.rel.rodata.*)
 *(.rel.gnu.linkonce.r*)

.rela.rodata
 *(.rela.rodata)
 *(.rela.rodata.*)
 *(.rela.gnu.linkonce.r*)

.rel.data
 *(.rel.data)
 *(.rel.data.*)
 *(.rel.gnu.linkonce.d*)

.rela.data
 *(.rela.data)
 *(.rela.data.*)
 *(.rela.gnu.linkonce.d*)

.rel.ctors
 *(.rel.ctors)

.rela.ctors
 *(.rela.ctors)

.rel.dtors
 *(.rel.dtors)

.rela.dtors
 *(.rela.dtors)

.rel.got
 *(.rel.got)

.rela.got
 *(.rela.got)

.rel.bss
 *(.rel.bss)

.rela.bss
 *(.rela.bss)

.rel.plt
 *(.rel.plt)

.rela.plt
 *(.rela.plt)

.text           0x0000000000000000      0x214
 *(.vectors)
 .vectors       0x0000000000000000       0x68 C:/Program Files/Microchip/MPLABX/v5.50/packs/Microchip/ATmega_DFP/2.3.126/xc8/avr/lib/avr5/memx-const/crtatmega328p.o
                0x0000000000000000                __vector_default
                0x0000000000000000                __vectors
 *(.vectors)
 *(.progmem.gcc*)
 .progmem.gcc_fplib
                0x0000000000000068       0x2d c:/program files/microchip/xc8/v2.32/avr/bin/../lib/gcc/avr/5.4.0/../../../../avr/lib/avr5/memx-const\libm.a(atan.o)
 .progmem.gcc_fplib
                0x0000000000000095       0x1e c:/program files/microchip/xc8/v2.32/avr/bin/../lib/gcc/avr/5.4.0/../../../../avr/lib/avr5/memx-const\libm.a(fp_sinus.o)
 *(.dinit)
 *fill*         0x00000000000000b3        0x1 
 .dinit         0x00000000000000b4       0x11 data_init
                0x00000000000000c6                . = ALIGN (0x2)
 *fill*         0x00000000000000c5        0x1 
                0x00000000000000c6                __trampolines_start = .
 *(.trampolines)
 .trampolines   0x00000000000000c6        0x0 linker stubs
 *(.trampolines*)
                0x00000000000000c6                __trampolines_end = .
 *libprintf_flt.a:*(.progmem.data)
 *libc.a:*(.progmem.data)
 .progmem.data  0x00000000000000c6       0xfa c:/program files/microchip/xc8/v2.32/avr/bin/../lib/gcc/avr/5.4.0/../../../../avr/lib/avr5/memx-const\libc.a(ftoa_engine.o)
                0x00000000000001c0                . = ALIGN (0x2)
 *(.jumptables)
 *(.jumptables*)
 *(.lowtext)
 *(.lowtext*)
                0x00000000000001c0                __ctors_start = .
 *(.ctors)
                0x00000000000001c0                __ctors_end = .
                0x00000000000001c0                __dtors_start = .
 *(.dtors)
                0x00000000000001c0                __dtors_end = .
 SORT(*)(.ctors)
 SORT(*)(.dtors)
 *(.init0)
 .init0         0x00000000000001c0        0x0 C:/Program Files/Microchip/MPLABX/v5.50/packs/Microchip/ATmega_DFP/2.3.126/xc8/avr/lib/avr5/memx-const/crtatmega328p.o
                0x00000000000001c0                __init
 *(.init0)
 *(.init1)
 *(.init1)
 *(.init2)
 .init2         0x00000000000001c0        0xc C:/Program Files/Microchip/MPLABX/v5.50/packs/Microchip/ATmega_DFP/2.3.126/xc8/avr/lib/avr5/memx-const/crtatmega328p.o
 *(.init2)
 *(.init3)
 *(.init3)
 *(.init4)
 .init4         0x00000000000001cc       0x3c c:/program files/microchip/xc8/v2.32/avr/bin/../lib/gcc/avr/5.4.0/avr5/memx-const\libgcc.a(_copy_data.o)
                0x00000000000001cc                __do_copy_data
                0x00000000000001fa                __do_clear_bss
 *(.init4)
 *(.init5)
 *(.init5)
 *(.init6)
 *(.init6)
 *(.init7)
 *(.init7)
 *(.init8)
 *(.init8)
 *(.init9)
 .init9         0x0000000000000208        0x8 C:/Program Files/Microchip/MPLABX/v5.50/packs/Microchip/ATmega_DFP/2.3.126/xc8/avr/lib/avr5/memx-const/crtatmega328p.o
 *(.init9)
                0x0000000000000210                . = ALIGN (0x2)
 *(.fini9)
 .fini9         0x0000000000000210        0x0 c:/program files/microchip/xc8/v2.32/avr/bin/../lib/gcc/avr/5.4.0/avr5/memx-const\libgcc.a(_exit.o)
                0x0000000000000210                _exit
                0x0000000000000210                exit
 *(.fini9)
 *(.fini8)
 *(.fini8)
 *(.fini7)
 *(.fini7)
 *(.fini6)
 *(.fini6)
 *(.fini5)
 *(.fini5)
 *(.fini4)
 *(.fini4)
 *(.fini3)
 *(.fini3)
 *(.fini2)
 *(.fini2)
 *(.fini1)
 *(.fini1)
 *(.fini0)
 .fini0         0x0000000000000210        0x4 c:/program files/microchip/xc8/v2.32/avr/bin/../lib/gcc/avr/5.4.0/avr5/memx-const\libgcc.a(_exit.o)
 *(.fini0)
                0x0000000000000214                _etext = .

.data           0x0000000000800100        0x0 load address 0x0000000000000214
                [!provide]                        PROVIDE (__data_start, .)
 *(.gnu.linkonce.d*)
 *(.gnu.linkonce.r*)
                0x0000000000800100                . = ALIGN (0x2)
                0x0000000000800100                _edata = .
                [!provide]                        PROVIDE (__data_end, .)

.bss            0x0000000000800100       0xbf
                [!provide]                        PROVIDE (__bss_start, .)
 *(COMMON)
 COMMON         0x0000000000800100       0x37 build/default/production/parser.o
                0x0000000000800100                py
                0x0000000000800104                state
                0x0000000000800105                q3_rad
                0x0000000000800109                pz
                0x000000000080010d                RxBuffer
                0x000000000080012b                q2_rad
                0x000000000080012f                px
                0x0000000000800133                q1_rad
 COMMON         0x0000000000800137       0x86 build/default/production/Motor.o
                0x0000000000800137                cant_pasosA
                0x0000000000800139                cant_pasosB
                0x000000000080013b                cant_pasosC
                0x000000000080013d                s
 COMMON         0x00000000008001bd        0x2 c:/program files/microchip/xc8/v2.32/avr/bin/../lib/gcc/avr/5.4.0/../../../../avr/lib/avr5/memx-const\libc.a(errno.o)
                0x00000000008001bd                errno
                [!provide]                        PROVIDE (__bss_end, .)
                0x0000000000000214                __data_load_start = LOADADDR (.data)
                0x0000000000000214                __data_load_end = (__data_load_start + SIZEOF (.data))

.noinit         0x00000000008001bf        0x0
                [!provide]                        PROVIDE (__noinit_start, .)
 *(.noinit*)
                [!provide]                        PROVIDE (__noinit_end, .)
                0x00000000008001bf                _end = .

.eeprom         0x0000000000810000        0x0
 *(.eeprom*)
                0x0000000000810000                __eeprom_end = .

.fuse
 *(.fuse)
 *(.lfuse)
 *(.hfuse)
 *(.efuse)

.lock
 *(.lock*)

.signature
 *(.signature*)

.user_signatures
 *(.user_signatures*)

.stab
 *(.stab)

.stabstr
 *(.stabstr)

.stab.excl
 *(.stab.excl)

.stab.exclstr
 *(.stab.exclstr)

.stab.index
 *(.stab.index)

.stab.indexstr
 *(.stab.indexstr)

.comment        0x0000000000000000       0x5b
 *(.comment)
 .comment       0x0000000000000000       0x2f build/default/production/init.o
                                         0x30 (size before relaxing)
 .comment       0x000000000000002f       0x30 build/default/production/main.o
 .comment       0x000000000000002f       0x30 build/default/production/parser.o
 .comment       0x000000000000002f       0x30 build/default/production/queue.o
 .comment       0x000000000000002f       0x30 build/default/production/sci.o
 .comment       0x000000000000002f       0x30 build/default/production/timer1.o
 .comment       0x000000000000002f       0x30 build/default/production/Motor.o
 .comment       0x000000000000002f       0x2c c:/program files/microchip/xc8/v2.32/avr/bin/../lib/gcc/avr/5.4.0/../../../../avr/lib/avr5/memx-const\libc.a(dtostrf.o)
                                         0x2d (size before relaxing)
 .comment       0x000000000000005b       0x2d c:/program files/microchip/xc8/v2.32/avr/bin/../lib/gcc/avr/5.4.0/../../../../avr/lib/avr5/memx-const\libc.a(strtod.o)
 .comment       0x000000000000005b       0x2d c:/program files/microchip/xc8/v2.32/avr/bin/../lib/gcc/avr/5.4.0/../../../../avr/lib/avr5/memx-const\libc.a(memcpy_M.o)
 .comment       0x000000000000005b       0x2d c:/program files/microchip/xc8/v2.32/avr/bin/../lib/gcc/avr/5.4.0/../../../../avr/lib/avr5/memx-const\libc.a(strncasecmp_M.o)
 .comment       0x000000000000005b       0x2d c:/program files/microchip/xc8/v2.32/avr/bin/../lib/gcc/avr/5.4.0/../../../../avr/lib/avr5/memx-const\libc.a(sprintf.o)
 .comment       0x000000000000005b       0x2d c:/program files/microchip/xc8/v2.32/avr/bin/../lib/gcc/avr/5.4.0/../../../../avr/lib/avr5/memx-const\libc.a(vfprintf_std.o)
 .comment       0x000000000000005b       0x2d c:/program files/microchip/xc8/v2.32/avr/bin/../lib/gcc/avr/5.4.0/../../../../avr/lib/avr5/memx-const\libc.a(errno.o)
 .comment       0x000000000000005b       0x2d c:/program files/microchip/xc8/v2.32/avr/bin/../lib/gcc/avr/5.4.0/../../../../avr/lib/avr5/memx-const\libc.a(dtoa_prf.o)
 .comment       0x000000000000005b       0x2d c:/program files/microchip/xc8/v2.32/avr/bin/../lib/gcc/avr/5.4.0/../../../../avr/lib/avr5/memx-const\libc.a(strnlen_M.o)
 .comment       0x000000000000005b       0x2d c:/program files/microchip/xc8/v2.32/avr/bin/../lib/gcc/avr/5.4.0/../../../../avr/lib/avr5/memx-const\libc.a(fputc.o)

.stack.descriptors.hdr
                0x0000000000000000      0x2ca
 .stack.descriptors.hdr
                0x0000000000000000        0xe c:/program files/microchip/xc8/v2.32/avr/bin/../lib/gcc/avr/5.4.0/../../../../avr/lib/avr5/memx-const\libm.a(addsf3.o)
 .stack.descriptors.hdr
                0x000000000000000e        0xe c:/program files/microchip/xc8/v2.32/avr/bin/../lib/gcc/avr/5.4.0/../../../../avr/lib/avr5/memx-const\libm.a(addsf3x.o)
 .stack.descriptors.hdr
                0x000000000000001c        0xe c:/program files/microchip/xc8/v2.32/avr/bin/../lib/gcc/avr/5.4.0/../../../../avr/lib/avr5/memx-const\libm.a(atan.o)
 .stack.descriptors.hdr
                0x000000000000002a        0xe c:/program files/microchip/xc8/v2.32/avr/bin/../lib/gcc/avr/5.4.0/../../../../avr/lib/avr5/memx-const\libm.a(cos.o)
 .stack.descriptors.hdr
                0x0000000000000038        0xe c:/program files/microchip/xc8/v2.32/avr/bin/../lib/gcc/avr/5.4.0/../../../../avr/lib/avr5/memx-const\libm.a(divsf3.o)
 .stack.descriptors.hdr
                0x0000000000000046        0xe c:/program files/microchip/xc8/v2.32/avr/bin/../lib/gcc/avr/5.4.0/../../../../avr/lib/avr5/memx-const\libm.a(divsf3x.o)
 .stack.descriptors.hdr
                0x0000000000000054        0xe c:/program files/microchip/xc8/v2.32/avr/bin/../lib/gcc/avr/5.4.0/../../../../avr/lib/avr5/memx-const\libm.a(fixsfsi.o)
 .stack.descriptors.hdr
                0x0000000000000062        0xe c:/program files/microchip/xc8/v2.32/avr/bin/../lib/gcc/avr/5.4.0/../../../../avr/lib/avr5/memx-const\libm.a(fixunssfsi.o)
 .stack.descriptors.hdr
                0x0000000000000070        0xe c:/program files/microchip/xc8/v2.32/avr/bin/../lib/gcc/avr/5.4.0/../../../../avr/lib/avr5/memx-const\libm.a(floatsisf.o)
 .stack.descriptors.hdr
                0x000000000000007e        0xe c:/program files/microchip/xc8/v2.32/avr/bin/../lib/gcc/avr/5.4.0/../../../../avr/lib/avr5/memx-const\libm.a(fp_inf.o)
 .stack.descriptors.hdr
                0x000000000000008c        0xe c:/program files/microchip/xc8/v2.32/avr/bin/../lib/gcc/avr/5.4.0/../../../../avr/lib/avr5/memx-const\libm.a(fp_nan.o)
 .stack.descriptors.hdr
                0x000000000000009a        0xe c:/program files/microchip/xc8/v2.32/avr/bin/../lib/gcc/avr/5.4.0/../../../../avr/lib/avr5/memx-const\libm.a(fp_powser.o)
 .stack.descriptors.hdr
                0x00000000000000a8        0xe c:/program files/microchip/xc8/v2.32/avr/bin/../lib/gcc/avr/5.4.0/../../../../avr/lib/avr5/memx-const\libm.a(fp_pscA.o)
 .stack.descriptors.hdr
                0x00000000000000b6        0xe c:/program files/microchip/xc8/v2.32/avr/bin/../lib/gcc/avr/5.4.0/../../../../avr/lib/avr5/memx-const\libm.a(fp_pscB.o)
 .stack.descriptors.hdr
                0x00000000000000c4        0xe c:/program files/microchip/xc8/v2.32/avr/bin/../lib/gcc/avr/5.4.0/../../../../avr/lib/avr5/memx-const\libm.a(fp_rempio2.o)
 .stack.descriptors.hdr
                0x00000000000000d2        0xe c:/program files/microchip/xc8/v2.32/avr/bin/../lib/gcc/avr/5.4.0/../../../../avr/lib/avr5/memx-const\libm.a(fp_round.o)
 .stack.descriptors.hdr
                0x00000000000000e0        0xe c:/program files/microchip/xc8/v2.32/avr/bin/../lib/gcc/avr/5.4.0/../../../../avr/lib/avr5/memx-const\libm.a(fp_sinus.o)
 .stack.descriptors.hdr
                0x00000000000000ee        0xe c:/program files/microchip/xc8/v2.32/avr/bin/../lib/gcc/avr/5.4.0/../../../../avr/lib/avr5/memx-const\libm.a(fp_split3.o)
 .stack.descriptors.hdr
                0x00000000000000fc        0xe c:/program files/microchip/xc8/v2.32/avr/bin/../lib/gcc/avr/5.4.0/../../../../avr/lib/avr5/memx-const\libm.a(fp_zero.o)
 .stack.descriptors.hdr
                0x000000000000010a        0xe c:/program files/microchip/xc8/v2.32/avr/bin/../lib/gcc/avr/5.4.0/../../../../avr/lib/avr5/memx-const\libm.a(inverse.o)
 .stack.descriptors.hdr
                0x0000000000000118        0xe c:/program files/microchip/xc8/v2.32/avr/bin/../lib/gcc/avr/5.4.0/../../../../avr/lib/avr5/memx-const\libm.a(mulsf3.o)
 .stack.descriptors.hdr
                0x0000000000000126        0xe c:/program files/microchip/xc8/v2.32/avr/bin/../lib/gcc/avr/5.4.0/../../../../avr/lib/avr5/memx-const\libm.a(mulsf3x.o)
 .stack.descriptors.hdr
                0x0000000000000134        0xe c:/program files/microchip/xc8/v2.32/avr/bin/../lib/gcc/avr/5.4.0/../../../../avr/lib/avr5/memx-const\libm.a(sin.o)
 .stack.descriptors.hdr
                0x0000000000000142        0xe c:/program files/microchip/xc8/v2.32/avr/bin/../lib/gcc/avr/5.4.0/../../../../avr/lib/avr5/memx-const\libm.a(sqrt.o)
 .stack.descriptors.hdr
                0x0000000000000150        0xe c:/program files/microchip/xc8/v2.32/avr/bin/../lib/gcc/avr/5.4.0/../../../../avr/lib/avr5/memx-const\libm.a(square.o)
 .stack.descriptors.hdr
                0x000000000000015e        0xe c:/program files/microchip/xc8/v2.32/avr/bin/../lib/gcc/avr/5.4.0/../../../../avr/lib/avr5/memx-const\libm.a(fp_mpack.o)
 .stack.descriptors.hdr
                0x000000000000016c        0xe c:/program files/microchip/xc8/v2.32/avr/bin/../lib/gcc/avr/5.4.0/../../../../avr/lib/avr5/memx-const\libm.a(fp_norm2.o)
 .stack.descriptors.hdr
                0x000000000000017a        0xe c:/program files/microchip/xc8/v2.32/avr/bin/../lib/gcc/avr/5.4.0/../../../../avr/lib/avr5/memx-const\libm.a(fp_powsodd.o)
 .stack.descriptors.hdr
                0x0000000000000188        0xe c:/program files/microchip/xc8/v2.32/avr/bin/../lib/gcc/avr/5.4.0/avr5/memx-const\libgcc.a(_udivmodhi4.o)
 .stack.descriptors.hdr
                0x0000000000000196        0xe c:/program files/microchip/xc8/v2.32/avr/bin/../lib/gcc/avr/5.4.0/avr5/memx-const\libgcc.a(_exit.o)
 .stack.descriptors.hdr
                0x00000000000001a4        0xe c:/program files/microchip/xc8/v2.32/avr/bin/../lib/gcc/avr/5.4.0/avr5/memx-const\libgcc.a(_xload_2.o)
 .stack.descriptors.hdr
                0x00000000000001b2        0xe c:/program files/microchip/xc8/v2.32/avr/bin/../lib/gcc/avr/5.4.0/avr5/memx-const\libgcc.a(_xload_3.o)
 .stack.descriptors.hdr
                0x00000000000001c0        0xe c:/program files/microchip/xc8/v2.32/avr/bin/../lib/gcc/avr/5.4.0/../../../../avr/lib/avr5/memx-const\libc.a(dtostrf.o)
 .stack.descriptors.hdr
                0x00000000000001ce        0xe c:/program files/microchip/xc8/v2.32/avr/bin/../lib/gcc/avr/5.4.0/../../../../avr/lib/avr5/memx-const\libc.a(strtod.o)
 .stack.descriptors.hdr
                0x00000000000001dc        0xe c:/program files/microchip/xc8/v2.32/avr/bin/../lib/gcc/avr/5.4.0/../../../../avr/lib/avr5/memx-const\libc.a(isspace.o)
 .stack.descriptors.hdr
                0x00000000000001ea        0xe c:/program files/microchip/xc8/v2.32/avr/bin/../lib/gcc/avr/5.4.0/../../../../avr/lib/avr5/memx-const\libc.a(memcpy_M.o)
 .stack.descriptors.hdr
                0x00000000000001f8        0xe c:/program files/microchip/xc8/v2.32/avr/bin/../lib/gcc/avr/5.4.0/../../../../avr/lib/avr5/memx-const\libc.a(strncasecmp_M.o)
 .stack.descriptors.hdr
                0x0000000000000206        0xe c:/program files/microchip/xc8/v2.32/avr/bin/../lib/gcc/avr/5.4.0/../../../../avr/lib/avr5/memx-const\libc.a(sprintf.o)
 .stack.descriptors.hdr
                0x0000000000000214        0xe c:/program files/microchip/xc8/v2.32/avr/bin/../lib/gcc/avr/5.4.0/../../../../avr/lib/avr5/memx-const\libc.a(cmpsf2.o)
 .stack.descriptors.hdr
                0x0000000000000222        0xe c:/program files/microchip/xc8/v2.32/avr/bin/../lib/gcc/avr/5.4.0/../../../../avr/lib/avr5/memx-const\libc.a(fp_cmp.o)
 .stack.descriptors.hdr
                0x0000000000000230        0xe c:/program files/microchip/xc8/v2.32/avr/bin/../lib/gcc/avr/5.4.0/../../../../avr/lib/avr5/memx-const\libc.a(vfprintf_std.o)
 .stack.descriptors.hdr
                0x000000000000023e        0xe c:/program files/microchip/xc8/v2.32/avr/bin/../lib/gcc/avr/5.4.0/../../../../avr/lib/avr5/memx-const\libc.a(errno.o)
 .stack.descriptors.hdr
                0x000000000000024c        0xe c:/program files/microchip/xc8/v2.32/avr/bin/../lib/gcc/avr/5.4.0/../../../../avr/lib/avr5/memx-const\libc.a(dtoa_prf.o)
 .stack.descriptors.hdr
                0x000000000000025a        0xe c:/program files/microchip/xc8/v2.32/avr/bin/../lib/gcc/avr/5.4.0/../../../../avr/lib/avr5/memx-const\libc.a(ftoa_engine.o)
 .stack.descriptors.hdr
                0x0000000000000268        0xe c:/program files/microchip/xc8/v2.32/avr/bin/../lib/gcc/avr/5.4.0/../../../../avr/lib/avr5/memx-const\libc.a(cty_isfalse.o)
 .stack.descriptors.hdr
                0x0000000000000276        0xe c:/program files/microchip/xc8/v2.32/avr/bin/../lib/gcc/avr/5.4.0/../../../../avr/lib/avr5/memx-const\libc.a(strnlen_M.o)
 .stack.descriptors.hdr
                0x0000000000000284        0xe c:/program files/microchip/xc8/v2.32/avr/bin/../lib/gcc/avr/5.4.0/../../../../avr/lib/avr5/memx-const\libc.a(fputc.o)
 .stack.descriptors.hdr
                0x0000000000000292        0xe c:/program files/microchip/xc8/v2.32/avr/bin/../lib/gcc/avr/5.4.0/../../../../avr/lib/avr5/memx-const\libc.a(ultoa_invert.o)
 .stack.descriptors.hdr
                0x00000000000002a0        0xe c:/program files/microchip/xc8/v2.32/avr/bin/../lib/gcc/avr/5.4.0/avr5/memx-const\libgcc.a(_muluhisi3.o)
 .stack.descriptors.hdr
                0x00000000000002ae        0xe c:/program files/microchip/xc8/v2.32/avr/bin/../lib/gcc/avr/5.4.0/avr5/memx-const\libgcc.a(_xload_4.o)
 .stack.descriptors.hdr
                0x00000000000002bc        0xe c:/program files/microchip/xc8/v2.32/avr/bin/../lib/gcc/avr/5.4.0/avr5/memx-const\libgcc.a(_umulhisi3.o)

.note.gnu.build-id
 *(.note.gnu.build-id)

.debug
 *(.debug)

.line
 *(.line)

.debug_srcinfo
 *(.debug_srcinfo)

.debug_sfnames
 *(.debug_sfnames)

.debug_aranges  0x0000000000000000      0x1c8
 *(.debug_aranges)
 .debug_aranges
                0x0000000000000000       0x20 build/default/production/init.o
 .debug_aranges
                0x0000000000000020       0x28 build/default/production/main.o
 .debug_aranges
                0x0000000000000048       0x60 build/default/production/parser.o
 .debug_aranges
                0x00000000000000a8       0x30 build/default/production/queue.o
 .debug_aranges
                0x00000000000000d8       0x40 build/default/production/sci.o
 .debug_aranges
                0x0000000000000118       0x58 build/default/production/timer1.o
 .debug_aranges
                0x0000000000000170       0x58 build/default/production/Motor.o

.debug_pubnames
 *(.debug_pubnames)

.debug_info     0x0000000000000000     0x2bf7
 *(.debug_info .gnu.linkonce.wi.*)
 .debug_info    0x0000000000000000      0x5f4 C:/Program Files/Microchip/MPLABX/v5.50/packs/Microchip/ATmega_DFP/2.3.126/xc8/avr/lib/avr5/memx-const/crtatmega328p.o
 .debug_info    0x00000000000005f4      0x2d8 build/default/production/init.o
 .debug_info    0x00000000000008cc      0x2b9 build/default/production/main.o
 .debug_info    0x0000000000000b85      0xfb1 build/default/production/parser.o
 .debug_info    0x0000000000001b36      0x31c build/default/production/queue.o
 .debug_info    0x0000000000001e52      0x33c build/default/production/sci.o
 .debug_info    0x000000000000218e      0x52d build/default/production/timer1.o
 .debug_info    0x00000000000026bb      0x53c build/default/production/Motor.o

.debug_abbrev   0x0000000000000000      0xbdc
 *(.debug_abbrev)
 .debug_abbrev  0x0000000000000000      0x5a2 C:/Program Files/Microchip/MPLABX/v5.50/packs/Microchip/ATmega_DFP/2.3.126/xc8/avr/lib/avr5/memx-const/crtatmega328p.o
 .debug_abbrev  0x00000000000005a2       0x89 build/default/production/init.o
 .debug_abbrev  0x000000000000062b       0x9b build/default/production/main.o
 .debug_abbrev  0x00000000000006c6      0x1e6 build/default/production/parser.o
 .debug_abbrev  0x00000000000008ac       0xc8 build/default/production/queue.o
 .debug_abbrev  0x0000000000000974       0xbd build/default/production/sci.o
 .debug_abbrev  0x0000000000000a31       0xfe build/default/production/timer1.o
 .debug_abbrev  0x0000000000000b2f       0xad build/default/production/Motor.o

.debug_line     0x0000000000000000      0xe54
 *(.debug_line .debug_line.* .debug_line_end)
 .debug_line    0x0000000000000000      0x137 C:/Program Files/Microchip/MPLABX/v5.50/packs/Microchip/ATmega_DFP/2.3.126/xc8/avr/lib/avr5/memx-const/crtatmega328p.o
 .debug_line    0x0000000000000137       0xef build/default/production/init.o
 .debug_line    0x0000000000000226       0x7a build/default/production/main.o
 .debug_line    0x00000000000002a0      0x3fc build/default/production/parser.o
 .debug_line    0x000000000000069c      0x122 build/default/production/queue.o
 .debug_line    0x00000000000007be      0x137 build/default/production/sci.o
 .debug_line    0x00000000000008f5      0x2d6 build/default/production/timer1.o
 .debug_line    0x0000000000000bcb      0x289 build/default/production/Motor.o

.debug_frame    0x0000000000000000      0x498
 *(.debug_frame)
 .debug_frame   0x0000000000000000       0x24 build/default/production/init.o
 .debug_frame   0x0000000000000024       0x34 build/default/production/main.o
 .debug_frame   0x0000000000000058      0x1d4 build/default/production/parser.o
 .debug_frame   0x000000000000022c       0x44 build/default/production/queue.o
 .debug_frame   0x0000000000000270       0xb8 build/default/production/sci.o
 .debug_frame   0x0000000000000328       0xdc build/default/production/timer1.o
 .debug_frame   0x0000000000000404       0x94 build/default/production/Motor.o

.debug_str      0x0000000000000000      0x2f8
 *(.debug_str)
 .debug_str     0x0000000000000000      0x208 C:/Program Files/Microchip/MPLABX/v5.50/packs/Microchip/ATmega_DFP/2.3.126/xc8/avr/lib/avr5/memx-const/crtatmega328p.o
 .debug_str     0x0000000000000208       0x38 build/default/production/init.o
 .debug_str     0x0000000000000240       0x1b build/default/production/main.o
 .debug_str     0x000000000000025b       0x89 build/default/production/parser.o
 .debug_str     0x00000000000002e4        0x0 build/default/production/queue.o
 .debug_str     0x00000000000002e4        0xa build/default/production/sci.o
 .debug_str     0x00000000000002ee        0xa build/default/production/timer1.o
 .debug_str     0x00000000000002f8        0x0 build/default/production/Motor.o

.debug_loc      0x0000000000000000      0x54e
 *(.debug_loc)
 .debug_loc     0x0000000000000000       0x13 build/default/production/main.o
 .debug_loc     0x0000000000000013      0x389 build/default/production/parser.o
 .debug_loc     0x000000000000039c       0x66 build/default/production/queue.o
 .debug_loc     0x0000000000000402       0x78 build/default/production/sci.o
 .debug_loc     0x000000000000047a       0x47 build/default/production/timer1.o
 .debug_loc     0x00000000000004c1       0x8d build/default/production/Motor.o

.debug_macinfo
 *(.debug_macinfo)

.debug_weaknames
 *(.debug_weaknames)

.debug_funcnames
 *(.debug_funcnames)

.debug_typenames
 *(.debug_typenames)

.debug_varnames
 *(.debug_varnames)

.debug_pubtypes
 *(.debug_pubtypes)

.debug_ranges   0x0000000000000000      0x158
 *(.debug_ranges)
 .debug_ranges  0x0000000000000000       0x10 build/default/production/init.o
 .debug_ranges  0x0000000000000010       0x18 build/default/production/main.o
 .debug_ranges  0x0000000000000028       0x50 build/default/production/parser.o
 .debug_ranges  0x0000000000000078       0x20 build/default/production/queue.o
 .debug_ranges  0x0000000000000098       0x30 build/default/production/sci.o
 .debug_ranges  0x00000000000000c8       0x48 build/default/production/timer1.o
 .debug_ranges  0x0000000000000110       0x48 build/default/production/Motor.o

.debug_macro
 *(.debug_macro)
OUTPUT(dist/default/production/Robot-3GDL.production.elf elf32-avr)
LOAD linker stubs
LOAD data_init

.note.gnu.avr.deviceinfo
                0x0000000000000000       0x40
 .note.gnu.avr.deviceinfo
                0x0000000000000000       0x40 C:/Program Files/Microchip/MPLABX/v5.50/packs/Microchip/ATmega_DFP/2.3.126/xc8/avr/lib/avr5/memx-const/crtatmega328p.o

.bss.flag.2208  0x0000000000800277        0x1
 .bss.flag.2208
                0x0000000000800277        0x1 build/default/production/parser.o

.bss.led.2202   0x0000000000800278        0x1
 .bss.led.2202  0x0000000000800278        0x1 build/default/production/parser.o

.bss.q3_f       0x000000000080023f        0x4
 .bss.q3_f      0x000000000080023f        0x4 build/default/production/parser.o

.bss.q2_f       0x0000000000800243        0x4
 .bss.q2_f      0x0000000000800243        0x4 build/default/production/parser.o

.bss.q1_f       0x0000000000800247        0x4
 .bss.q1_f      0x0000000000800247        0x4 build/default/production/parser.o

.bss.q3_act     0x000000000080024b        0x4
 .bss.q3_act    0x000000000080024b        0x4 build/default/production/parser.o

.bss.q2_act     0x000000000080024f        0x4
 .bss.q2_act    0x000000000080024f        0x4 build/default/production/parser.o

.bss.q1_act     0x0000000000800253        0x4
 .bss.q1_act    0x0000000000800253        0x4 build/default/production/parser.o

.bss.RxContador
                0x0000000000800279        0x1
 .bss.RxContador
                0x0000000000800279        0x1 build/default/production/parser.o
                0x0000000000800279                RxContador

.bss.qinfo      0x0000000000800237        0x8
 .bss.qinfo     0x0000000000800237        0x8 build/default/production/queue.o

.bss.qmem       0x00000000008001bf       0x78
 .bss.qmem      0x00000000008001bf       0x78 build/default/production/queue.o

.bss.milisec    0x0000000000800257        0x2
 .bss.milisec   0x0000000000800257        0x2 build/default/production/timer1.o

.bss.seconds    0x0000000000800259        0x2
 .bss.seconds   0x0000000000800259        0x2 build/default/production/timer1.o

.bss.timer      0x000000000080025b        0x2
 .bss.timer     0x000000000080025b        0x2 build/default/production/timer1.o

.bss.timer_motorC
                0x000000000080025d        0x2
 .bss.timer_motorC
                0x000000000080025d        0x2 build/default/production/timer1.o

.bss.timer_motorB
                0x000000000080025f        0x2
 .bss.timer_motorB
                0x000000000080025f        0x2 build/default/production/timer1.o

.bss.timer_motorA
                0x0000000000800261        0x2
 .bss.timer_motorA
                0x0000000000800261        0x2 build/default/production/timer1.o

.bss.tiempo_mov
                0x0000000000800263        0x2
 .bss.tiempo_mov
                0x0000000000800263        0x2 build/default/production/Motor.o

.bss.cant_pasosC_aux
                0x000000000080026b        0x2
 .bss.cant_pasosC_aux
                0x000000000080026b        0x2 build/default/production/Motor.o

.bss.cant_pasosB_aux
                0x000000000080026d        0x2
 .bss.cant_pasosB_aux
                0x000000000080026d        0x2 build/default/production/Motor.o

.bss.cant_pasosA_aux
                0x000000000080026f        0x2
 .bss.cant_pasosA_aux
                0x000000000080026f        0x2 build/default/production/Motor.o

.bss.aC         0x0000000000800271        0x2
 .bss.aC        0x0000000000800271        0x2 build/default/production/Motor.o

.bss.aB         0x0000000000800273        0x2
 .bss.aB        0x0000000000800273        0x2 build/default/production/Motor.o

.bss.aA         0x0000000000800275        0x2
 .bss.aA        0x0000000000800275        0x2 build/default/production/Motor.o

.progmemx.data  0x0000000000000214       0x83
 .progmemx.data
                0x0000000000000214       0x83 build/default/production/parser.o

.progmemx.data  0x0000000000000297       0x3b
 .progmemx.data
                0x0000000000000297       0x3b c:/program files/microchip/xc8/v2.32/avr/bin/../lib/gcc/avr/5.4.0/../../../../avr/lib/avr5/memx-const\libc.a(strtod.o)

.progmemx.data.st_idle_move
                0x00000000000002d2       0x14
 .progmemx.data.st_idle_move
                0x00000000000002d2       0x14 build/default/production/parser.o
                0x00000000000002d2                st_idle_move

.progmemx.data.st_idle
                0x00000000000002e6       0x10
 .progmemx.data.st_idle
                0x00000000000002e6       0x10 build/default/production/parser.o
                0x00000000000002e6                st_idle

.progmemx.data.b
                0x00000000000002f6        0x8
 .progmemx.data.b
                0x00000000000002f6        0x8 build/default/production/Motor.o
                0x00000000000002f6                b

.progmemx.data.stats
                0x00000000000002fe        0x6
 .progmemx.data.stats
                0x00000000000002fe        0x6 build/default/production/parser.o
                0x00000000000002fe                stats

.progmemx.data.qptr
                0x0000000000000304        0x2
 .progmemx.data.qptr
                0x0000000000000304        0x2 build/default/production/queue.o
                0x0000000000000304                qptr

.text.SerialRx  0x0000000000000306      0x4a8
 .text.SerialRx
                0x0000000000000306      0x4a8 build/default/production/parser.o
                0x0000000000000306                SerialRx

.text.avrlibc   0x00000000000007ae      0x448
 .text.avrlibc  0x00000000000007ae      0x448 c:/program files/microchip/xc8/v2.32/avr/bin/../lib/gcc/avr/5.4.0/../../../../avr/lib/avr5/memx-const\libc.a(vfprintf_std.o)
                0x00000000000007ae                vfprintf

.text.avrlibc   0x0000000000000bf6      0x37e
 .text.avrlibc  0x0000000000000bf6      0x37e c:/program files/microchip/xc8/v2.32/avr/bin/../lib/gcc/avr/5.4.0/../../../../avr/lib/avr5/memx-const\libc.a(strtod.o)
                0x0000000000000bf6                strtod

.text.avrlibc   0x0000000000000f74      0x2b4
 .text.avrlibc  0x0000000000000f74      0x2b4 c:/program files/microchip/xc8/v2.32/avr/bin/../lib/gcc/avr/5.4.0/../../../../avr/lib/avr5/memx-const\libc.a(dtoa_prf.o)
                0x0000000000000f74                dtoa_prf

.text.cinematica_inversa
                0x0000000000001228      0x23a
 .text.cinematica_inversa
                0x0000000000001228      0x23a build/default/production/parser.o
                0x0000000000001228                cinematica_inversa

.text.__vector_16
                0x0000000000001462      0x220
 .text.__vector_16
                0x0000000000001462      0x220 build/default/production/timer1.o
                0x0000000000001462                __vector_16

.text.obtengo_tiempo_mov
                0x0000000000001682      0x220
 .text.obtengo_tiempo_mov
                0x0000000000001682      0x220 build/default/production/Motor.o
                0x0000000000001682                obtengo_tiempo_mov

.text.cinematica_directa
                0x00000000000018a2      0x206
 .text.cinematica_directa
                0x00000000000018a2      0x206 build/default/production/parser.o
                0x00000000000018a2                cinematica_directa

.text.avrlibc   0x0000000000001aa8      0x1b0
 .text.avrlibc  0x0000000000001aa8      0x1b0 c:/program files/microchip/xc8/v2.32/avr/bin/../lib/gcc/avr/5.4.0/../../../../avr/lib/avr5/memx-const\libc.a(ftoa_engine.o)
                0x0000000000001aa8                __ftoa_engine

.text.motorC    0x0000000000001c58       0xec
 .text.motorC   0x0000000000001c58       0xec build/default/production/Motor.o
                0x0000000000001c58                motorC

.text.avrlibc.fplib
                0x0000000000001d44       0xde
 .text.avrlibc.fplib
                0x0000000000001d44       0xde c:/program files/microchip/xc8/v2.32/avr/bin/../lib/gcc/avr/5.4.0/../../../../avr/lib/avr5/memx-const\libm.a(divsf3x.o)
                0x0000000000001d44                __divsf3x
                0x0000000000001d6c                __divsf3_pse

.text.motorB    0x0000000000001e22       0xdc
 .text.motorB   0x0000000000001e22       0xdc build/default/production/Motor.o
                0x0000000000001e22                motorB

.text.avrlibc.fplib
                0x0000000000001efe       0xd4
 .text.avrlibc.fplib
                0x0000000000001efe       0xd4 c:/program files/microchip/xc8/v2.32/avr/bin/../lib/gcc/avr/5.4.0/../../../../avr/lib/avr5/memx-const\libm.a(mulsf3x.o)
                0x0000000000001efe                __mulsf3x
                0x0000000000001f24                __mulsf3_pse

.text.motorA    0x0000000000001fd2       0xd0
 .text.motorA   0x0000000000001fd2       0xd0 build/default/production/Motor.o
                0x0000000000001fd2                motorA

.text.avrlibc.fplib
                0x00000000000020a2       0xce
 .text.avrlibc.fplib
                0x00000000000020a2       0xce c:/program files/microchip/xc8/v2.32/avr/bin/../lib/gcc/avr/5.4.0/../../../../avr/lib/avr5/memx-const\libm.a(addsf3x.o)
                0x00000000000020a2                __addsf3x

.text.avrlibc   0x0000000000002170       0xbc
 .text.avrlibc  0x0000000000002170       0xbc c:/program files/microchip/xc8/v2.32/avr/bin/../lib/gcc/avr/5.4.0/../../../../avr/lib/avr5/memx-const\libc.a(ultoa_invert.o)
                0x0000000000002170                __ultoa_invert

.text.avrlibc   0x000000000000222c       0xaa
 .text.avrlibc  0x000000000000222c       0xaa c:/program files/microchip/xc8/v2.32/avr/bin/../lib/gcc/avr/5.4.0/../../../../avr/lib/avr5/memx-const\libc.a(strncasecmp_M.o)
                0x000000000000222c                strncasecmp

.text.avrlibc.fplib
                0x00000000000022d6       0x8e
 .text.avrlibc.fplib
                0x00000000000022d6       0x8e c:/program files/microchip/xc8/v2.32/avr/bin/../lib/gcc/avr/5.4.0/../../../../avr/lib/avr5/memx-const\libm.a(sqrt.o)
                0x00000000000022d6                sqrtf
                0x00000000000022d6                sqrt

.text.parse     0x0000000000002364       0x7a
 .text.parse    0x0000000000002364       0x7a build/default/production/parser.o
                0x0000000000002364                parse

.text.avrlibc.fplib
                0x00000000000023de       0x7a
 .text.avrlibc.fplib
                0x00000000000023de       0x7a c:/program files/microchip/xc8/v2.32/avr/bin/../lib/gcc/avr/5.4.0/../../../../avr/lib/avr5/memx-const\libm.a(floatsisf.o)
                0x00000000000023de                __floatunsisf
                0x00000000000023e2                __floatsisf

.text.avrlibc   0x0000000000002458       0x78
 .text.avrlibc  0x0000000000002458       0x78 c:/program files/microchip/xc8/v2.32/avr/bin/../lib/gcc/avr/5.4.0/../../../../avr/lib/avr5/memx-const\libc.a(fputc.o)
                0x0000000000002458                fputc

.text.avrlibc.fplib
                0x00000000000024d0       0x5e
 .text.avrlibc.fplib
                0x00000000000024d0       0x5e c:/program files/microchip/xc8/v2.32/avr/bin/../lib/gcc/avr/5.4.0/../../../../avr/lib/avr5/memx-const\libm.a(atan.o)
                0x00000000000024d0                atan

.text.avrlibc.fplib
                0x000000000000252e       0x5e
 .text.avrlibc.fplib
                0x000000000000252e       0x5e c:/program files/microchip/xc8/v2.32/avr/bin/../lib/gcc/avr/5.4.0/../../../../avr/lib/avr5/memx-const\libm.a(fixunssfsi.o)
                0x000000000000252e                __fixunssfsi

.text.avrlibc.fplib
                0x000000000000258c       0x56
 .text.avrlibc.fplib
                0x000000000000258c       0x56 c:/program files/microchip/xc8/v2.32/avr/bin/../lib/gcc/avr/5.4.0/../../../../avr/lib/avr5/memx-const\libm.a(fp_rempio2.o)
                0x000000000000258c                __fp_rempio2

.text.push_item
                0x00000000000025e2       0x50
 .text.push_item
                0x00000000000025e2       0x50 build/default/production/queue.o
                0x00000000000025e2                push_item

.text.init_timer1
                0x0000000000002632       0x50
 .text.init_timer1
                0x0000000000002632       0x50 build/default/production/timer1.o
                0x0000000000002632                init_timer1

.text.avrlibc.fplib
                0x0000000000002682       0x4e
 .text.avrlibc.fplib
                0x0000000000002682       0x4e c:/program files/microchip/xc8/v2.32/avr/bin/../lib/gcc/avr/5.4.0/../../../../avr/lib/avr5/memx-const\libm.a(fp_powser.o)
                0x0000000000002682                __fp_powser

.text.__vector_18
                0x00000000000026d0       0x4a
 .text.__vector_18
                0x00000000000026d0       0x4a build/default/production/sci.o
                0x00000000000026d0                __vector_18

.text.avrlibc.fplib
                0x000000000000271a       0x48
 .text.avrlibc.fplib
                0x000000000000271a       0x48 c:/program files/microchip/xc8/v2.32/avr/bin/../lib/gcc/avr/5.4.0/../../../../avr/lib/avr5/memx-const\libc.a(fp_cmp.o)
                0x000000000000271a                __fp_cmp

.text.avrlibc   0x0000000000002762       0x46
 .text.avrlibc  0x0000000000002762       0x46 c:/program files/microchip/xc8/v2.32/avr/bin/../lib/gcc/avr/5.4.0/../../../../avr/lib/avr5/memx-const\libc.a(sprintf.o)
                0x0000000000002762                sprintf

.text.avrlibc.fplib
                0x00000000000027a8       0x44
 .text.avrlibc.fplib
                0x00000000000027a8       0x44 c:/program files/microchip/xc8/v2.32/avr/bin/../lib/gcc/avr/5.4.0/../../../../avr/lib/avr5/memx-const\libm.a(fp_split3.o)
                0x00000000000027a8                __fp_split3
                0x00000000000027b8                __fp_splitA

.text.avrlibc   0x00000000000027ec       0x40
 .text.avrlibc  0x00000000000027ec       0x40 c:/program files/microchip/xc8/v2.32/avr/bin/../lib/gcc/avr/5.4.0/../../../../avr/lib/avr5/memx-const\libc.a(dtostrf.o)
                0x00000000000027ec                dtostrf

.text.pop_item  0x000000000000282c       0x3e
 .text.pop_item
                0x000000000000282c       0x3e build/default/production/queue.o
                0x000000000000282c                pop_item

.text.libgcc.prologue
                0x000000000000286a       0x38
 .text.libgcc.prologue
                0x000000000000286a       0x38 c:/program files/microchip/xc8/v2.32/avr/bin/../lib/gcc/avr/5.4.0/avr5/memx-const\libgcc.a(_prologue.o)
                0x000000000000286a                __prologue_saves__

.text.avrlibc   0x00000000000028a2       0x36
 .text.avrlibc  0x00000000000028a2       0x36 c:/program files/microchip/xc8/v2.32/avr/bin/../lib/gcc/avr/5.4.0/../../../../avr/lib/avr5/memx-const\libc.a(strnlen_M.o)
                0x00000000000028a2                strnlen

.text.libgcc.prologue
                0x00000000000028d8       0x36
 .text.libgcc.prologue
                0x00000000000028d8       0x36 c:/program files/microchip/xc8/v2.32/avr/bin/../lib/gcc/avr/5.4.0/avr5/memx-const\libgcc.a(_epilogue.o)
                0x00000000000028d8                __epilogue_restores__

.text.avrlibc   0x000000000000290e       0x32
 .text.avrlibc  0x000000000000290e       0x32 c:/program files/microchip/xc8/v2.32/avr/bin/../lib/gcc/avr/5.4.0/../../../../avr/lib/avr5/memx-const\libc.a(memcpy_M.o)
                0x000000000000290e                memcpy

.text.init_system
                0x0000000000002940       0x30
 .text.init_system
                0x0000000000002940       0x30 build/default/production/init.o
                0x0000000000002940                init_system

.text.init_queue
                0x0000000000002970       0x30
 .text.init_queue
                0x0000000000002970       0x30 build/default/production/queue.o
                0x0000000000002970                init_queue

.text.avrlibc.fplib
                0x00000000000029a0       0x28
 .text.avrlibc.fplib
                0x00000000000029a0       0x28 c:/program files/microchip/xc8/v2.32/avr/bin/../lib/gcc/avr/5.4.0/../../../../avr/lib/avr5/memx-const\libm.a(fp_sinus.o)
                0x00000000000029a0                __fp_sinus

.text.avrlibc.fplib
                0x00000000000029c8       0x28
 .text.avrlibc.fplib
                0x00000000000029c8       0x28 c:/program files/microchip/xc8/v2.32/avr/bin/../lib/gcc/avr/5.4.0/../../../../avr/lib/avr5/memx-const\libm.a(fp_powsodd.o)
                0x00000000000029c8                __fp_powsodd

.text.libgcc.div
                0x00000000000029f0       0x28
 .text.libgcc.div
                0x00000000000029f0       0x28 c:/program files/microchip/xc8/v2.32/avr/bin/../lib/gcc/avr/5.4.0/avr5/memx-const\libgcc.a(_udivmodhi4.o)
                0x00000000000029f0                __udivmodhi4

.text.avrlibc.fplib
                0x0000000000002a18       0x22
 .text.avrlibc.fplib
                0x0000000000002a18       0x22 c:/program files/microchip/xc8/v2.32/avr/bin/../lib/gcc/avr/5.4.0/../../../../avr/lib/avr5/memx-const\libm.a(fp_round.o)
                0x0000000000002a18                __fp_round

.text.USART_Init
                0x0000000000002a3a       0x1e
 .text.USART_Init
                0x0000000000002a3a       0x1e build/default/production/sci.o
                0x0000000000002a3a                USART_Init

.text.USART_Transmit_txt
                0x0000000000002a58       0x1e
 .text.USART_Transmit_txt
                0x0000000000002a58       0x1e build/default/production/sci.o
                0x0000000000002a58                USART_Transmit_txt

.text.go_idle   0x0000000000002a76       0x1e
 .text.go_idle  0x0000000000002a76       0x1e build/default/production/timer1.o
                0x0000000000002a76                go_idle

.text.home      0x0000000000002a94       0x1e
 .text.home     0x0000000000002a94       0x1e build/default/production/Motor.o
                0x0000000000002a94                home

.text.libgcc.mul
                0x0000000000002ab2       0x1e
 .text.libgcc.mul
                0x0000000000002ab2       0x1e c:/program files/microchip/xc8/v2.32/avr/bin/../lib/gcc/avr/5.4.0/avr5/memx-const\libgcc.a(_umulhisi3.o)
                0x0000000000002ab2                __umulhisi3

.text.avrlibc.fplib
                0x0000000000002ad0       0x1c
 .text.avrlibc.fplib
                0x0000000000002ad0       0x1c c:/program files/microchip/xc8/v2.32/avr/bin/../lib/gcc/avr/5.4.0/../../../../avr/lib/avr5/memx-const\libm.a(fp_mpack.o)
                0x0000000000002ad0                __fp_mpack
                0x0000000000002ad4                __fp_mpack_finite

.text.get_excitation
                0x0000000000002aec       0x1a
 .text.get_excitation
                0x0000000000002aec       0x1a build/default/production/parser.o
                0x0000000000002aec                get_excitation

.text.libgcc    0x0000000000002b06       0x18
 .text.libgcc   0x0000000000002b06       0x18 c:/program files/microchip/xc8/v2.32/avr/bin/../lib/gcc/avr/5.4.0/avr5/memx-const\libgcc.a(_xload_4.o)
                0x0000000000002b06                __xload_4

.text.led       0x0000000000002b1e       0x16
 .text.led      0x0000000000002b1e       0x16 build/default/production/parser.o
                0x0000000000002b1e                led

.text.libgcc.mul
                0x0000000000002b34       0x16
 .text.libgcc.mul
                0x0000000000002b34       0x16 c:/program files/microchip/xc8/v2.32/avr/bin/../lib/gcc/avr/5.4.0/avr5/memx-const\libgcc.a(_muluhisi3.o)
                0x0000000000002b34                __muluhisi3

.text.libgcc    0x0000000000002b4a       0x14
 .text.libgcc   0x0000000000002b4a       0x14 c:/program files/microchip/xc8/v2.32/avr/bin/../lib/gcc/avr/5.4.0/avr5/memx-const\libgcc.a(_xload_3.o)
                0x0000000000002b4a                __xload_3

.text.avrlibc   0x0000000000002b5e       0x12
 .text.avrlibc  0x0000000000002b5e       0x12 c:/program files/microchip/xc8/v2.32/avr/bin/../lib/gcc/avr/5.4.0/../../../../avr/lib/avr5/memx-const\libc.a(isspace.o)
                0x0000000000002b5e                isspace

.text.USART_Transmit
                0x0000000000002b70       0x10
 .text.USART_Transmit
                0x0000000000002b70       0x10 build/default/production/sci.o
                0x0000000000002b70                USART_Transmit

.text.USART_Receive
                0x0000000000002b80       0x10
 .text.USART_Receive
                0x0000000000002b80       0x10 build/default/production/sci.o
                0x0000000000002b80                USART_Receive

.text.avrlibc.fplib
                0x0000000000002b90       0x10
 .text.avrlibc.fplib
                0x0000000000002b90       0x10 c:/program files/microchip/xc8/v2.32/avr/bin/../lib/gcc/avr/5.4.0/../../../../avr/lib/avr5/memx-const\libm.a(inverse.o)
                0x0000000000002b90                inverse

.text.avrlibc.fplib
                0x0000000000002ba0       0x10
 .text.avrlibc.fplib
                0x0000000000002ba0       0x10 c:/program files/microchip/xc8/v2.32/avr/bin/../lib/gcc/avr/5.4.0/../../../../avr/lib/avr5/memx-const\libm.a(sin.o)
                0x0000000000002ba0                sin

.text.libgcc    0x0000000000002bb0       0x10
 .text.libgcc   0x0000000000002bb0       0x10 c:/program files/microchip/xc8/v2.32/avr/bin/../lib/gcc/avr/5.4.0/avr5/memx-const\libgcc.a(_xload_2.o)
                0x0000000000002bb0                __xload_2

.text.actualizo_cant_pasosA
                0x0000000000002bc0        0xe
 .text.actualizo_cant_pasosA
                0x0000000000002bc0        0xe build/default/production/Motor.o
                0x0000000000002bc0                actualizo_cant_pasosA

.text.actualizo_cant_pasosB
                0x0000000000002bce        0xe
 .text.actualizo_cant_pasosB
                0x0000000000002bce        0xe build/default/production/Motor.o
                0x0000000000002bce                actualizo_cant_pasosB

.text.actualizo_cant_pasosC
                0x0000000000002bdc        0xe
 .text.actualizo_cant_pasosC
                0x0000000000002bdc        0xe build/default/production/Motor.o
                0x0000000000002bdc                actualizo_cant_pasosC

.text.avrlibc.fplib
                0x0000000000002bea        0xe
 .text.avrlibc.fplib
                0x0000000000002bea        0xe c:/program files/microchip/xc8/v2.32/avr/bin/../lib/gcc/avr/5.4.0/../../../../avr/lib/avr5/memx-const\libm.a(addsf3.o)
                0x0000000000002bea                __subsf3
                0x0000000000002bec                __addsf3

.text.avrlibc.fplib
                0x0000000000002bf8        0xe
 .text.avrlibc.fplib
                0x0000000000002bf8        0xe c:/program files/microchip/xc8/v2.32/avr/bin/../lib/gcc/avr/5.4.0/../../../../avr/lib/avr5/memx-const\libm.a(fixsfsi.o)
                0x0000000000002bf8                __fixsfsi

.text.avrlibc.fplib
                0x0000000000002c06        0xe
 .text.avrlibc.fplib
                0x0000000000002c06        0xe c:/program files/microchip/xc8/v2.32/avr/bin/../lib/gcc/avr/5.4.0/../../../../avr/lib/avr5/memx-const\libm.a(fp_pscA.o)
                0x0000000000002c06                __fp_pscA

.text.avrlibc.fplib
                0x0000000000002c14        0xe
 .text.avrlibc.fplib
                0x0000000000002c14        0xe c:/program files/microchip/xc8/v2.32/avr/bin/../lib/gcc/avr/5.4.0/../../../../avr/lib/avr5/memx-const\libm.a(fp_pscB.o)
                0x0000000000002c14                __fp_pscB

.text.avrlibc.fplib
                0x0000000000002c22        0xe
 .text.avrlibc.fplib
                0x0000000000002c22        0xe c:/program files/microchip/xc8/v2.32/avr/bin/../lib/gcc/avr/5.4.0/../../../../avr/lib/avr5/memx-const\libm.a(fp_zero.o)
                0x0000000000002c22                __fp_zero
                0x0000000000002c24                __fp_szero

.text.avrlibc.fplib
                0x0000000000002c30        0xe
 .text.avrlibc.fplib
                0x0000000000002c30        0xe c:/program files/microchip/xc8/v2.32/avr/bin/../lib/gcc/avr/5.4.0/../../../../avr/lib/avr5/memx-const\libm.a(fp_norm2.o)
                0x0000000000002c30                __fp_norm2

.text.avrlibc.fplib
                0x0000000000002c3e        0xc
 .text.avrlibc.fplib
                0x0000000000002c3e        0xc c:/program files/microchip/xc8/v2.32/avr/bin/../lib/gcc/avr/5.4.0/../../../../avr/lib/avr5/memx-const\libm.a(fp_inf.o)
                0x0000000000002c3e                __fp_inf

.text.exec      0x0000000000002c4a        0xa
 .text.exec     0x0000000000002c4a        0xa build/default/production/main.o
                0x0000000000002c4a                exec

.text.avrlibc.fplib
                0x0000000000002c54        0xa
 .text.avrlibc.fplib
                0x0000000000002c54        0xa c:/program files/microchip/xc8/v2.32/avr/bin/../lib/gcc/avr/5.4.0/../../../../avr/lib/avr5/memx-const\libm.a(cos.o)
                0x0000000000002c54                cos

.text.avrlibc.fplib
                0x0000000000002c5e        0xa
 .text.avrlibc.fplib
                0x0000000000002c5e        0xa c:/program files/microchip/xc8/v2.32/avr/bin/../lib/gcc/avr/5.4.0/../../../../avr/lib/avr5/memx-const\libc.a(cmpsf2.o)
                0x0000000000002c5e                __nesf2
                0x0000000000002c5e                __eqsf2
                0x0000000000002c5e                __cmpsf2
                0x0000000000002c5e                __ltsf2
                0x0000000000002c5e                __lesf2

.text.main      0x0000000000002c68        0x8
 .text.main     0x0000000000002c68        0x8 build/default/production/main.o
                0x0000000000002c68                main

.text.avrlibc.fplib
                0x0000000000002c70        0x8
 .text.avrlibc.fplib
                0x0000000000002c70        0x8 c:/program files/microchip/xc8/v2.32/avr/bin/../lib/gcc/avr/5.4.0/../../../../avr/lib/avr5/memx-const\libm.a(divsf3.o)
                0x0000000000002c70                __divsf3

.text.avrlibc.fplib
                0x0000000000002c78        0x8
 .text.avrlibc.fplib
                0x0000000000002c78        0x8 c:/program files/microchip/xc8/v2.32/avr/bin/../lib/gcc/avr/5.4.0/../../../../avr/lib/avr5/memx-const\libm.a(mulsf3.o)
                0x0000000000002c78                __mulsf3

.text.avrlibc.fplib
                0x0000000000002c80        0x8
 .text.avrlibc.fplib
                0x0000000000002c80        0x8 c:/program files/microchip/xc8/v2.32/avr/bin/../lib/gcc/avr/5.4.0/../../../../avr/lib/avr5/memx-const\libm.a(square.o)
                0x0000000000002c80                square

.text.init_parser
                0x0000000000002c88        0x6
 .text.init_parser
                0x0000000000002c88        0x6 build/default/production/parser.o
                0x0000000000002c88                init_parser

.text.avrlibc.fplib
                0x0000000000002c8e        0x6
 .text.avrlibc.fplib
                0x0000000000002c8e        0x6 c:/program files/microchip/xc8/v2.32/avr/bin/../lib/gcc/avr/5.4.0/../../../../avr/lib/avr5/memx-const\libm.a(fp_nan.o)
                0x0000000000002c8e                __fp_nan

.text.avrlibc   0x0000000000002c94        0x6
 .text.avrlibc  0x0000000000002c94        0x6 c:/program files/microchip/xc8/v2.32/avr/bin/../lib/gcc/avr/5.4.0/../../../../avr/lib/avr5/memx-const\libc.a(cty_isfalse.o)
                0x0000000000002c94                __ctype_isfalse
                0x0000000000002c98                __ctype_istrue

.text           0x0000000000002c9a        0x4
 .text          0x0000000000002c9a        0x4 C:/Program Files/Microchip/MPLABX/v5.50/packs/Microchip/ATmega_DFP/2.3.126/xc8/avr/lib/avr5/memx-const/crtatmega328p.o
                0x0000000000002c9a                __vector_22
                0x0000000000002c9a                __vector_1
                0x0000000000002c9a                __vector_24
                0x0000000000002c9a                __vector_12
                0x0000000000002c9a                __bad_interrupt
                0x0000000000002c9a                __vector_6
                0x0000000000002c9a                __vector_3
                0x0000000000002c9a                __vector_23
                0x0000000000002c9a                __vector_25
                0x0000000000002c9a                __vector_11
                0x0000000000002c9a                __vector_13
                0x0000000000002c9a                __vector_17
                0x0000000000002c9a                __vector_19
                0x0000000000002c9a                __vector_7
                0x0000000000002c9a                __vector_5
                0x0000000000002c9a                __vector_4
                0x0000000000002c9a                __vector_9
                0x0000000000002c9a                __vector_2
                0x0000000000002c9a                __vector_21
                0x0000000000002c9a                __vector_15
                0x0000000000002c9a                __vector_8
                0x0000000000002c9a                __vector_14
                0x0000000000002c9a                __vector_10
                0x0000000000002c9a                __vector_20

.text.do_nothing
                0x0000000000002c9e        0x2
 .text.do_nothing
                0x0000000000002c9e        0x2 build/default/production/parser.o
                0x0000000000002c9e                do_nothing

.data.tpasoC    0x0000000000800265        0x2 load address 0x0000000000002ca0
 .data.tpasoC   0x0000000000800265        0x2 build/default/production/Motor.o
                0x0000000000800265                tpasoC

.data.tpasoB    0x0000000000800267        0x2 load address 0x0000000000002ca2
 .data.tpasoB   0x0000000000800267        0x2 build/default/production/Motor.o
                0x0000000000800267                tpasoB

.data.tpasoA    0x0000000000800269        0x2 load address 0x0000000000002ca4
 .data.tpasoA   0x0000000000800269        0x2 build/default/production/Motor.o
                0x0000000000800269                tpasoA
